// Jest Snapshot v1, https://goo.gl/fbAQLP

exports[`CartItem Test Suite matches the snapshot 1`] = `"<div class=\\"CartItemWrapper-kMZqWe kUcNLL\\"><div class=\\"CartItemBlock-itbsVk jNsRUN\\">iPhone X</div><div class=\\"CartItemBlock-itbsVk jNsRUN\\">$999.99</div><div class=\\"CartItemBlock-itbsVk jNsRUN\\">x2</div><div class=\\"CartItemBlock-itbsVk jNsRUN\\">$1999.98</div><div class=\\"CartItemBlock-itbsVk jNsRUN\\"><button type=\\"button\\">Remove</button></div></div>"`;
